
C:\Users\Evan\Desktop\gittest>cd ..

C:\Users\Evan\Desktop>md GitHubRepoAssignment

C:\Users\Evan\Desktop>cd GitHubRepoAssignment

C:\Users\Evan\Desktop\GitHubRepoAssignment>copy NUL readme.md
        1 file(s) copied.

C:\Users\Evan\Desktop\GitHubRepoAssignment>git init
Initialized empty Git repository in C:/Users/Evan/Desktop/GitHubRepoAssignment/.git/

C:\Users\Evan\Desktop\GitHubRepoAssignment>git add .

C:\Users\Evan\Desktop\GitHubRepoAssignment>git commit -m "first commit, added a readme.md file"
[master (root-commit) 2c1ddab] first commit, added a readme.md file
 1 file changed, 0 insertions(+), 0 deletions(-)
 create mode 100644 readme.md

C:\Users\Evan\Desktop\GitHubRepoAssignment>git status
On branch master
nothing to commit, working tree clean

C:\Users\Evan\Desktop\GitHubRepoAssignment>git remote add origin https://github.com/Emunz/GitHubRepoAssignment.git

C:\Users\Evan\Desktop\GitHubRepoAssignment>git push -u origin master
Counting objects: 3, done.
Writing objects: 100% (3/3), 229 bytes | 229.00 KiB/s, done.
Total 3 (delta 0), reused 0 (delta 0)
To https://github.com/Emunz/GitHubRepoAssignment.git
 * [new branch]      master -> master
Branch master set up to track remote branch master from origin.

C:\Users\Evan\Desktop\GitHubRepoAssignment>